  Determinando los proyectos que se van a restaurar...
  Todos los proyectos están actualizados para la restauración.
C:\Users\monte\Desktop\Nihaht Danger\revision30\Proyecto-Laboratorios-Univalle\Pages\Acquisitions\Delete.cshtml.cs(21,24): warning CS0108: 'DeleteModel.Request' oculta el miembro heredado 'PageModel.Request'. Use la palabra clave new si su intención era ocultarlo. [C:\Users\monte\Desktop\Nihaht Danger\revision30\Proyecto-Laboratorios-Univalle\Proyecto Laboratorios Univalle.csproj]
C:\Users\monte\Desktop\Nihaht Danger\revision30\Proyecto-Laboratorios-Univalle\Pages\Acquisitions\Details.cshtml.cs(23,24): warning CS0108: 'DetailsModel.Request' oculta el miembro heredado 'PageModel.Request'. Use la palabra clave new si su intención era ocultarlo. [C:\Users\monte\Desktop\Nihaht Danger\revision30\Proyecto-Laboratorios-Univalle\Proyecto Laboratorios Univalle.csproj]
C:\Users\monte\Desktop\Nihaht Danger\revision30\Proyecto-Laboratorios-Univalle\Pages\EquipmentTypes\Delete.cshtml.cs(21,16): error CS0246: El nombre del tipo o del espacio de nombres 'EquipmentType' no se encontró (¿falta una directiva using o una referencia de ensamblado?) [C:\Users\monte\Desktop\Nihaht Danger\revision30\Proyecto-Laboratorios-Univalle\Proyecto Laboratorios Univalle.csproj]
C:\Users\monte\Desktop\Nihaht Danger\revision30\Proyecto-Laboratorios-Univalle\Pages\EquipmentTypes\Details.cshtml.cs(20,16): error CS0246: El nombre del tipo o del espacio de nombres 'EquipmentType' no se encontró (¿falta una directiva using o una referencia de ensamblado?) [C:\Users\monte\Desktop\Nihaht Danger\revision30\Proyecto-Laboratorios-Univalle\Proyecto Laboratorios Univalle.csproj]
C:\Users\monte\Desktop\Nihaht Danger\revision30\Proyecto-Laboratorios-Univalle\Pages\EquipmentTypes\Edit.cshtml.cs(24,16): error CS0246: El nombre del tipo o del espacio de nombres 'EquipmentType' no se encontró (¿falta una directiva using o una referencia de ensamblado?) [C:\Users\monte\Desktop\Nihaht Danger\revision30\Proyecto-Laboratorios-Univalle\Proyecto Laboratorios Univalle.csproj]
C:\Users\monte\Desktop\Nihaht Danger\revision30\Proyecto-Laboratorios-Univalle\Pages\EquipmentTypes\Index.cshtml.cs(20,22): error CS0246: El nombre del tipo o del espacio de nombres 'EquipmentType' no se encontró (¿falta una directiva using o una referencia de ensamblado?) [C:\Users\monte\Desktop\Nihaht Danger\revision30\Proyecto-Laboratorios-Univalle\Proyecto Laboratorios Univalle.csproj]
C:\Users\monte\Desktop\Nihaht Danger\revision30\Proyecto-Laboratorios-Univalle\Pages\MaintenanceTypes\Edit.cshtml.cs(24,16): error CS0246: El nombre del tipo o del espacio de nombres 'MaintenanceType' no se encontró (¿falta una directiva using o una referencia de ensamblado?) [C:\Users\monte\Desktop\Nihaht Danger\revision30\Proyecto-Laboratorios-Univalle\Proyecto Laboratorios Univalle.csproj]
C:\Users\monte\Desktop\Nihaht Danger\revision30\Proyecto-Laboratorios-Univalle\Pages\MaintenanceTypes\Index.cshtml.cs(20,22): error CS0246: El nombre del tipo o del espacio de nombres 'MaintenanceType' no se encontró (¿falta una directiva using o una referencia de ensamblado?) [C:\Users\monte\Desktop\Nihaht Danger\revision30\Proyecto-Laboratorios-Univalle\Proyecto Laboratorios Univalle.csproj]

ERROR al compilar.

C:\Users\monte\Desktop\Nihaht Danger\revision30\Proyecto-Laboratorios-Univalle\Pages\Acquisitions\Delete.cshtml.cs(21,24): warning CS0108: 'DeleteModel.Request' oculta el miembro heredado 'PageModel.Request'. Use la palabra clave new si su intención era ocultarlo. [C:\Users\monte\Desktop\Nihaht Danger\revision30\Proyecto-Laboratorios-Univalle\Proyecto Laboratorios Univalle.csproj]
C:\Users\monte\Desktop\Nihaht Danger\revision30\Proyecto-Laboratorios-Univalle\Pages\Acquisitions\Details.cshtml.cs(23,24): warning CS0108: 'DetailsModel.Request' oculta el miembro heredado 'PageModel.Request'. Use la palabra clave new si su intención era ocultarlo. [C:\Users\monte\Desktop\Nihaht Danger\revision30\Proyecto-Laboratorios-Univalle\Proyecto Laboratorios Univalle.csproj]
C:\Users\monte\Desktop\Nihaht Danger\revision30\Proyecto-Laboratorios-Univalle\Pages\EquipmentTypes\Delete.cshtml.cs(21,16): error CS0246: El nombre del tipo o del espacio de nombres 'EquipmentType' no se encontró (¿falta una directiva using o una referencia de ensamblado?) [C:\Users\monte\Desktop\Nihaht Danger\revision30\Proyecto-Laboratorios-Univalle\Proyecto Laboratorios Univalle.csproj]
C:\Users\monte\Desktop\Nihaht Danger\revision30\Proyecto-Laboratorios-Univalle\Pages\EquipmentTypes\Details.cshtml.cs(20,16): error CS0246: El nombre del tipo o del espacio de nombres 'EquipmentType' no se encontró (¿falta una directiva using o una referencia de ensamblado?) [C:\Users\monte\Desktop\Nihaht Danger\revision30\Proyecto-Laboratorios-Univalle\Proyecto Laboratorios Univalle.csproj]
C:\Users\monte\Desktop\Nihaht Danger\revision30\Proyecto-Laboratorios-Univalle\Pages\EquipmentTypes\Edit.cshtml.cs(24,16): error CS0246: El nombre del tipo o del espacio de nombres 'EquipmentType' no se encontró (¿falta una directiva using o una referencia de ensamblado?) [C:\Users\monte\Desktop\Nihaht Danger\revision30\Proyecto-Laboratorios-Univalle\Proyecto Laboratorios Univalle.csproj]
C:\Users\monte\Desktop\Nihaht Danger\revision30\Proyecto-Laboratorios-Univalle\Pages\EquipmentTypes\Index.cshtml.cs(20,22): error CS0246: El nombre del tipo o del espacio de nombres 'EquipmentType' no se encontró (¿falta una directiva using o una referencia de ensamblado?) [C:\Users\monte\Desktop\Nihaht Danger\revision30\Proyecto-Laboratorios-Univalle\Proyecto Laboratorios Univalle.csproj]
C:\Users\monte\Desktop\Nihaht Danger\revision30\Proyecto-Laboratorios-Univalle\Pages\MaintenanceTypes\Edit.cshtml.cs(24,16): error CS0246: El nombre del tipo o del espacio de nombres 'MaintenanceType' no se encontró (¿falta una directiva using o una referencia de ensamblado?) [C:\Users\monte\Desktop\Nihaht Danger\revision30\Proyecto-Laboratorios-Univalle\Proyecto Laboratorios Univalle.csproj]
C:\Users\monte\Desktop\Nihaht Danger\revision30\Proyecto-Laboratorios-Univalle\Pages\MaintenanceTypes\Index.cshtml.cs(20,22): error CS0246: El nombre del tipo o del espacio de nombres 'MaintenanceType' no se encontró (¿falta una directiva using o una referencia de ensamblado?) [C:\Users\monte\Desktop\Nihaht Danger\revision30\Proyecto-Laboratorios-Univalle\Proyecto Laboratorios Univalle.csproj]
    2 Advertencia(s)
    6 Errores

Tiempo transcurrido 00:00:03.20
