  Determinando los proyectos que se van a restaurar...
  Todos los proyectos están actualizados para la restauración.
C:\Users\monte\OneDrive\Desktop\Proyecto Laboratorios Univalle\Models\City.cs(7,7): warning CS0105: La directiva using para 'Proyecto_Laboratorios_Univalle.Models.Interfaces' aparece previamente en este espacio de nombres [C:\Users\monte\OneDrive\Desktop\Proyecto Laboratorios Univalle\Proyecto Laboratorios Univalle.csproj]
C:\Users\monte\OneDrive\Desktop\Proyecto Laboratorios Univalle\Models\MaintenancePlan.cs(5,7): warning CS0105: La directiva using para 'System.ComponentModel.DataAnnotations.Schema' aparece previamente en este espacio de nombres [C:\Users\monte\OneDrive\Desktop\Proyecto Laboratorios Univalle\Proyecto Laboratorios Univalle.csproj]
C:\Users\monte\OneDrive\Desktop\Proyecto Laboratorios Univalle\Models\MaintenancePlan.cs(7,7): warning CS0105: La directiva using para 'Proyecto_Laboratorios_Univalle.Models.Interfaces' aparece previamente en este espacio de nombres [C:\Users\monte\OneDrive\Desktop\Proyecto Laboratorios Univalle\Proyecto Laboratorios Univalle.csproj]
C:\Users\monte\OneDrive\Desktop\Proyecto Laboratorios Univalle\Pages\Logout.cshtml.cs(25,68): warning CS8625: No se puede convertir un literal NULL en un tipo de referencia que no acepta valores NULL. [C:\Users\monte\OneDrive\Desktop\Proyecto Laboratorios Univalle\Proyecto Laboratorios Univalle.csproj]
C:\Users\monte\OneDrive\Desktop\Proyecto Laboratorios Univalle\Pages\Users\Create.cshtml.cs(30,21): warning CS0108: 'CreateModel.User' oculta el miembro heredado 'PageModel.User'. Use la palabra clave new si su intención era ocultarlo. [C:\Users\monte\OneDrive\Desktop\Proyecto Laboratorios Univalle\Proyecto Laboratorios Univalle.csproj]
C:\Users\monte\OneDrive\Desktop\Proyecto Laboratorios Univalle\Pages\Users\Delete.cshtml.cs(23,21): warning CS0108: 'DeleteModel.User' oculta el miembro heredado 'PageModel.User'. Use la palabra clave new si su intención era ocultarlo. [C:\Users\monte\OneDrive\Desktop\Proyecto Laboratorios Univalle\Proyecto Laboratorios Univalle.csproj]
C:\Users\monte\OneDrive\Desktop\Proyecto Laboratorios Univalle\Pages\Users\Details.cshtml.cs(22,21): warning CS0108: 'DetailsModel.User' oculta el miembro heredado 'PageModel.User'. Use la palabra clave new si su intención era ocultarlo. [C:\Users\monte\OneDrive\Desktop\Proyecto Laboratorios Univalle\Proyecto Laboratorios Univalle.csproj]
C:\Users\monte\OneDrive\Desktop\Proyecto Laboratorios Univalle\Pages\Users\Index.cshtml.cs(22,28): warning CS0108: 'IndexModel.User' oculta el miembro heredado 'PageModel.User'. Use la palabra clave new si su intención era ocultarlo. [C:\Users\monte\OneDrive\Desktop\Proyecto Laboratorios Univalle\Proyecto Laboratorios Univalle.csproj]
C:\Users\monte\OneDrive\Desktop\Proyecto Laboratorios Univalle\Pages\Users\Edit.cshtml.cs(24,21): warning CS0108: 'EditModel.User' oculta el miembro heredado 'PageModel.User'. Use la palabra clave new si su intención era ocultarlo. [C:\Users\monte\OneDrive\Desktop\Proyecto Laboratorios Univalle\Proyecto Laboratorios Univalle.csproj]
C:\Users\monte\OneDrive\Desktop\Proyecto Laboratorios Univalle\Services\UserClaimsPrincipalFactory.cs(28,28): warning CS8600: Se va a convertir un literal nulo o un posible valor nulo en un tipo que no acepta valores NULL [C:\Users\monte\OneDrive\Desktop\Proyecto Laboratorios Univalle\Proyecto Laboratorios Univalle.csproj]
C:\Users\monte\OneDrive\Desktop\Proyecto Laboratorios Univalle\Models\Laboratory.cs(113,34): warning CS8629: Un tipo que acepta valores NULL puede ser nulo. [C:\Users\monte\OneDrive\Desktop\Proyecto Laboratorios Univalle\Proyecto Laboratorios Univalle.csproj]
C:\Users\monte\OneDrive\Desktop\Proyecto Laboratorios Univalle\Pages\Verifications\Index.cshtml(38,47): warning CS8602: Desreferencia de una referencia posiblemente NULL. [C:\Users\monte\OneDrive\Desktop\Proyecto Laboratorios Univalle\Proyecto Laboratorios Univalle.csproj]
C:\Users\monte\OneDrive\Desktop\Proyecto Laboratorios Univalle\Pages\Verifications\Index.cshtml(47,47): warning CS8602: Desreferencia de una referencia posiblemente NULL. [C:\Users\monte\OneDrive\Desktop\Proyecto Laboratorios Univalle\Proyecto Laboratorios Univalle.csproj]
C:\Users\monte\OneDrive\Desktop\Proyecto Laboratorios Univalle\Pages\Equipment\Create.cshtml.cs(74,17): error CS1912: Inicialización del miembro 'StartDate' duplicada [C:\Users\monte\OneDrive\Desktop\Proyecto Laboratorios Univalle\Proyecto Laboratorios Univalle.csproj]
C:\Users\monte\OneDrive\Desktop\Proyecto Laboratorios Univalle\Pages\Equipment\Details.cshtml.cs(41,41): error CS1061: "ICollection<EquipmentStateHistory>" no contiene una definición para "RegisteredBy" ni un método de extensión accesible "RegisteredBy" que acepte un primer argumento del tipo "ICollection<EquipmentStateHistory>" (¿falta alguna directiva using o una referencia de ensamblado?) [C:\Users\monte\OneDrive\Desktop\Proyecto Laboratorios Univalle\Proyecto Laboratorios Univalle.csproj]
C:\Users\monte\OneDrive\Desktop\Proyecto Laboratorios Univalle\Pages\Equipment\Index.cshtml(113,47): warning CS8602: Desreferencia de una referencia posiblemente NULL. [C:\Users\monte\OneDrive\Desktop\Proyecto Laboratorios Univalle\Proyecto Laboratorios Univalle.csproj]
C:\Users\monte\OneDrive\Desktop\Proyecto Laboratorios Univalle\Pages\Equipment\Index.cshtml(116,47): warning CS8602: Desreferencia de una referencia posiblemente NULL. [C:\Users\monte\OneDrive\Desktop\Proyecto Laboratorios Univalle\Proyecto Laboratorios Univalle.csproj]
C:\Users\monte\OneDrive\Desktop\Proyecto Laboratorios Univalle\Pages\Equipment\Index.cshtml(119,47): warning CS8602: Desreferencia de una referencia posiblemente NULL. [C:\Users\monte\OneDrive\Desktop\Proyecto Laboratorios Univalle\Proyecto Laboratorios Univalle.csproj]
C:\Users\monte\OneDrive\Desktop\Proyecto Laboratorios Univalle\Pages\Equipment\Index.cshtml(122,47): warning CS8602: Desreferencia de una referencia posiblemente NULL. [C:\Users\monte\OneDrive\Desktop\Proyecto Laboratorios Univalle\Proyecto Laboratorios Univalle.csproj]
C:\Users\monte\OneDrive\Desktop\Proyecto Laboratorios Univalle\Pages\Equipment\Index.cshtml(125,47): warning CS8602: Desreferencia de una referencia posiblemente NULL. [C:\Users\monte\OneDrive\Desktop\Proyecto Laboratorios Univalle\Proyecto Laboratorios Univalle.csproj]
C:\Users\monte\OneDrive\Desktop\Proyecto Laboratorios Univalle\Pages\Equipment\Index.cshtml(128,47): warning CS8602: Desreferencia de una referencia posiblemente NULL. [C:\Users\monte\OneDrive\Desktop\Proyecto Laboratorios Univalle\Proyecto Laboratorios Univalle.csproj]
C:\Users\monte\OneDrive\Desktop\Proyecto Laboratorios Univalle\Pages\Maintenances\Index.cshtml(41,47): warning CS8602: Desreferencia de una referencia posiblemente NULL. [C:\Users\monte\OneDrive\Desktop\Proyecto Laboratorios Univalle\Proyecto Laboratorios Univalle.csproj]
C:\Users\monte\OneDrive\Desktop\Proyecto Laboratorios Univalle\Pages\Maintenances\Index.cshtml(44,47): warning CS8602: Desreferencia de una referencia posiblemente NULL. [C:\Users\monte\OneDrive\Desktop\Proyecto Laboratorios Univalle\Proyecto Laboratorios Univalle.csproj]
C:\Users\monte\OneDrive\Desktop\Proyecto Laboratorios Univalle\Pages\Maintenances\Index.cshtml(47,47): warning CS8602: Desreferencia de una referencia posiblemente NULL. [C:\Users\monte\OneDrive\Desktop\Proyecto Laboratorios Univalle\Proyecto Laboratorios Univalle.csproj]
C:\Users\monte\OneDrive\Desktop\Proyecto Laboratorios Univalle\Pages\Cities\Index.cshtml(38,47): warning CS8602: Desreferencia de una referencia posiblemente NULL. [C:\Users\monte\OneDrive\Desktop\Proyecto Laboratorios Univalle\Proyecto Laboratorios Univalle.csproj]
C:\Users\monte\OneDrive\Desktop\Proyecto Laboratorios Univalle\Pages\Requests\Index.cshtml(41,47): warning CS8602: Desreferencia de una referencia posiblemente NULL. [C:\Users\monte\OneDrive\Desktop\Proyecto Laboratorios Univalle\Proyecto Laboratorios Univalle.csproj]
C:\Users\monte\OneDrive\Desktop\Proyecto Laboratorios Univalle\Pages\Requests\Index.cshtml(53,47): warning CS8602: Desreferencia de una referencia posiblemente NULL. [C:\Users\monte\OneDrive\Desktop\Proyecto Laboratorios Univalle\Proyecto Laboratorios Univalle.csproj]
C:\Users\monte\OneDrive\Desktop\Proyecto Laboratorios Univalle\Pages\Laboratories\Index.cshtml(86,47): warning CS8602: Desreferencia de una referencia posiblemente NULL. [C:\Users\monte\OneDrive\Desktop\Proyecto Laboratorios Univalle\Proyecto Laboratorios Univalle.csproj]
C:\Users\monte\OneDrive\Desktop\Proyecto Laboratorios Univalle\Pages\Laboratories\Index.cshtml(89,47): warning CS8602: Desreferencia de una referencia posiblemente NULL. [C:\Users\monte\OneDrive\Desktop\Proyecto Laboratorios Univalle\Proyecto Laboratorios Univalle.csproj]
C:\Users\monte\OneDrive\Desktop\Proyecto Laboratorios Univalle\Pages\Laboratories\Index.cshtml(92,47): warning CS8602: Desreferencia de una referencia posiblemente NULL. [C:\Users\monte\OneDrive\Desktop\Proyecto Laboratorios Univalle\Proyecto Laboratorios Univalle.csproj]
C:\Users\monte\OneDrive\Desktop\Proyecto Laboratorios Univalle\Pages\Equipment\Delete.cshtml(33,64): warning CS8602: Desreferencia de una referencia posiblemente NULL. [C:\Users\monte\OneDrive\Desktop\Proyecto Laboratorios Univalle\Proyecto Laboratorios Univalle.csproj]
C:\Users\monte\OneDrive\Desktop\Proyecto Laboratorios Univalle\Pages\Equipment\Delete.cshtml(36,64): warning CS8602: Desreferencia de una referencia posiblemente NULL. [C:\Users\monte\OneDrive\Desktop\Proyecto Laboratorios Univalle\Proyecto Laboratorios Univalle.csproj]
C:\Users\monte\OneDrive\Desktop\Proyecto Laboratorios Univalle\Pages\Equipment\Delete.cshtml(63,47): warning CS8602: Desreferencia de una referencia posiblemente NULL. [C:\Users\monte\OneDrive\Desktop\Proyecto Laboratorios Univalle\Proyecto Laboratorios Univalle.csproj]
C:\Users\monte\OneDrive\Desktop\Proyecto Laboratorios Univalle\Pages\Equipment\Delete.cshtml(64,47): warning CS8602: Desreferencia de una referencia posiblemente NULL. [C:\Users\monte\OneDrive\Desktop\Proyecto Laboratorios Univalle\Proyecto Laboratorios Univalle.csproj]
C:\Users\monte\OneDrive\Desktop\Proyecto Laboratorios Univalle\Pages\Maintenances\Edit.cshtml.cs(101,22): warning CS8604: Posible argumento de referencia nulo para el parámetro "source" en "bool Enumerable.Any<CostDetail>(IEnumerable<CostDetail> source, Func<CostDetail, bool> predicate)". [C:\Users\monte\OneDrive\Desktop\Proyecto Laboratorios Univalle\Proyecto Laboratorios Univalle.csproj]
C:\Users\monte\OneDrive\Desktop\Proyecto Laboratorios Univalle\Pages\Maintenances\Edit.cshtml.cs(108,40): warning CS8602: Desreferencia de una referencia posiblemente NULL. [C:\Users\monte\OneDrive\Desktop\Proyecto Laboratorios Univalle\Proyecto Laboratorios Univalle.csproj]
C:\Users\monte\OneDrive\Desktop\Proyecto Laboratorios Univalle\Pages\Equipment\Details.cshtml(211,58): error CS1061: "EquipmentStateHistory" no contiene una definición para "RegisteredBy" ni un método de extensión accesible "RegisteredBy" que acepte un primer argumento del tipo "EquipmentStateHistory" (¿falta alguna directiva using o una referencia de ensamblado?) [C:\Users\monte\OneDrive\Desktop\Proyecto Laboratorios Univalle\Proyecto Laboratorios Univalle.csproj]
C:\Users\monte\OneDrive\Desktop\Proyecto Laboratorios Univalle\Pages\Equipment\Details.cshtml(213,58): error CS1061: "EquipmentStateHistory" no contiene una definición para "RegisteredBy" ni un método de extensión accesible "RegisteredBy" que acepte un primer argumento del tipo "EquipmentStateHistory" (¿falta alguna directiva using o una referencia de ensamblado?) [C:\Users\monte\OneDrive\Desktop\Proyecto Laboratorios Univalle\Proyecto Laboratorios Univalle.csproj]
C:\Users\monte\OneDrive\Desktop\Proyecto Laboratorios Univalle\Pages\Equipment\Details.cshtml(30,68): warning CS8602: Desreferencia de una referencia posiblemente NULL. [C:\Users\monte\OneDrive\Desktop\Proyecto Laboratorios Univalle\Proyecto Laboratorios Univalle.csproj]
C:\Users\monte\OneDrive\Desktop\Proyecto Laboratorios Univalle\Pages\Equipment\Details.cshtml(34,51): warning CS8602: Desreferencia de una referencia posiblemente NULL. [C:\Users\monte\OneDrive\Desktop\Proyecto Laboratorios Univalle\Proyecto Laboratorios Univalle.csproj]
C:\Users\monte\OneDrive\Desktop\Proyecto Laboratorios Univalle\Pages\Equipment\Details.cshtml(133,68): warning CS8602: Desreferencia de una referencia posiblemente NULL. [C:\Users\monte\OneDrive\Desktop\Proyecto Laboratorios Univalle\Proyecto Laboratorios Univalle.csproj]
C:\Users\monte\OneDrive\Desktop\Proyecto Laboratorios Univalle\Pages\Equipment\Details.cshtml(136,68): warning CS8602: Desreferencia de una referencia posiblemente NULL. [C:\Users\monte\OneDrive\Desktop\Proyecto Laboratorios Univalle\Proyecto Laboratorios Univalle.csproj]
C:\Users\monte\OneDrive\Desktop\Proyecto Laboratorios Univalle\Pages\Verifications\Details.cshtml(18,39): warning CS8602: Desreferencia de una referencia posiblemente NULL. [C:\Users\monte\OneDrive\Desktop\Proyecto Laboratorios Univalle\Proyecto Laboratorios Univalle.csproj]
C:\Users\monte\OneDrive\Desktop\Proyecto Laboratorios Univalle\Pages\Verifications\Details.cshtml(42,39): warning CS8602: Desreferencia de una referencia posiblemente NULL. [C:\Users\monte\OneDrive\Desktop\Proyecto Laboratorios Univalle\Proyecto Laboratorios Univalle.csproj]
C:\Users\monte\OneDrive\Desktop\Proyecto Laboratorios Univalle\Pages\Verifications\Delete.cshtml(19,39): warning CS8602: Desreferencia de una referencia posiblemente NULL. [C:\Users\monte\OneDrive\Desktop\Proyecto Laboratorios Univalle\Proyecto Laboratorios Univalle.csproj]
C:\Users\monte\OneDrive\Desktop\Proyecto Laboratorios Univalle\Pages\Cities\Delete.cshtml(19,39): warning CS8602: Desreferencia de una referencia posiblemente NULL. [C:\Users\monte\OneDrive\Desktop\Proyecto Laboratorios Univalle\Proyecto Laboratorios Univalle.csproj]
C:\Users\monte\OneDrive\Desktop\Proyecto Laboratorios Univalle\Pages\Requests\Delete.cshtml(19,39): warning CS8602: Desreferencia de una referencia posiblemente NULL. [C:\Users\monte\OneDrive\Desktop\Proyecto Laboratorios Univalle\Proyecto Laboratorios Univalle.csproj]
C:\Users\monte\OneDrive\Desktop\Proyecto Laboratorios Univalle\Pages\Requests\Details.cshtml(18,39): warning CS8602: Desreferencia de una referencia posiblemente NULL. [C:\Users\monte\OneDrive\Desktop\Proyecto Laboratorios Univalle\Proyecto Laboratorios Univalle.csproj]
C:\Users\monte\OneDrive\Desktop\Proyecto Laboratorios Univalle\Pages\Requests\Details.cshtml(24,39): warning CS8602: Desreferencia de una referencia posiblemente NULL. [C:\Users\monte\OneDrive\Desktop\Proyecto Laboratorios Univalle\Proyecto Laboratorios Univalle.csproj]
C:\Users\monte\OneDrive\Desktop\Proyecto Laboratorios Univalle\Pages\Requests\Details.cshtml(54,39): warning CS8602: Desreferencia de una referencia posiblemente NULL. [C:\Users\monte\OneDrive\Desktop\Proyecto Laboratorios Univalle\Proyecto Laboratorios Univalle.csproj]
C:\Users\monte\OneDrive\Desktop\Proyecto Laboratorios Univalle\Pages\Users\Index.cshtml(137,47): warning CS8602: Desreferencia de una referencia posiblemente NULL. [C:\Users\monte\OneDrive\Desktop\Proyecto Laboratorios Univalle\Proyecto Laboratorios Univalle.csproj]
C:\Users\monte\OneDrive\Desktop\Proyecto Laboratorios Univalle\Pages\Users\Index.cshtml(140,47): warning CS8602: Desreferencia de una referencia posiblemente NULL. [C:\Users\monte\OneDrive\Desktop\Proyecto Laboratorios Univalle\Proyecto Laboratorios Univalle.csproj]
C:\Users\monte\OneDrive\Desktop\Proyecto Laboratorios Univalle\Pages\Laboratories\Delete.cshtml(73,39): warning CS8602: Desreferencia de una referencia posiblemente NULL. [C:\Users\monte\OneDrive\Desktop\Proyecto Laboratorios Univalle\Proyecto Laboratorios Univalle.csproj]
C:\Users\monte\OneDrive\Desktop\Proyecto Laboratorios Univalle\Pages\Laboratories\Delete.cshtml(79,39): warning CS8602: Desreferencia de una referencia posiblemente NULL. [C:\Users\monte\OneDrive\Desktop\Proyecto Laboratorios Univalle\Proyecto Laboratorios Univalle.csproj]
C:\Users\monte\OneDrive\Desktop\Proyecto Laboratorios Univalle\Pages\Laboratories\Delete.cshtml(85,39): warning CS8602: Desreferencia de una referencia posiblemente NULL. [C:\Users\monte\OneDrive\Desktop\Proyecto Laboratorios Univalle\Proyecto Laboratorios Univalle.csproj]
C:\Users\monte\OneDrive\Desktop\Proyecto Laboratorios Univalle\Pages\Maintenances\Delete.cshtml(19,39): warning CS8602: Desreferencia de una referencia posiblemente NULL. [C:\Users\monte\OneDrive\Desktop\Proyecto Laboratorios Univalle\Proyecto Laboratorios Univalle.csproj]
C:\Users\monte\OneDrive\Desktop\Proyecto Laboratorios Univalle\Pages\Maintenances\Delete.cshtml(25,39): warning CS8602: Desreferencia de una referencia posiblemente NULL. [C:\Users\monte\OneDrive\Desktop\Proyecto Laboratorios Univalle\Proyecto Laboratorios Univalle.csproj]
C:\Users\monte\OneDrive\Desktop\Proyecto Laboratorios Univalle\Pages\Cities\Details.cshtml(18,39): warning CS8602: Desreferencia de una referencia posiblemente NULL. [C:\Users\monte\OneDrive\Desktop\Proyecto Laboratorios Univalle\Proyecto Laboratorios Univalle.csproj]
C:\Users\monte\OneDrive\Desktop\Proyecto Laboratorios Univalle\Pages\Laboratories\Details.cshtml(72,39): warning CS8602: Desreferencia de una referencia posiblemente NULL. [C:\Users\monte\OneDrive\Desktop\Proyecto Laboratorios Univalle\Proyecto Laboratorios Univalle.csproj]
C:\Users\monte\OneDrive\Desktop\Proyecto Laboratorios Univalle\Pages\Laboratories\Details.cshtml(78,39): warning CS8602: Desreferencia de una referencia posiblemente NULL. [C:\Users\monte\OneDrive\Desktop\Proyecto Laboratorios Univalle\Proyecto Laboratorios Univalle.csproj]
C:\Users\monte\OneDrive\Desktop\Proyecto Laboratorios Univalle\Pages\Laboratories\Details.cshtml(84,39): warning CS8602: Desreferencia de una referencia posiblemente NULL. [C:\Users\monte\OneDrive\Desktop\Proyecto Laboratorios Univalle\Proyecto Laboratorios Univalle.csproj]
C:\Users\monte\OneDrive\Desktop\Proyecto Laboratorios Univalle\Pages\Maintenances\Details.cshtml(18,39): warning CS8602: Desreferencia de una referencia posiblemente NULL. [C:\Users\monte\OneDrive\Desktop\Proyecto Laboratorios Univalle\Proyecto Laboratorios Univalle.csproj]
C:\Users\monte\OneDrive\Desktop\Proyecto Laboratorios Univalle\Pages\Maintenances\Details.cshtml(24,39): warning CS8602: Desreferencia de una referencia posiblemente NULL. [C:\Users\monte\OneDrive\Desktop\Proyecto Laboratorios Univalle\Proyecto Laboratorios Univalle.csproj]
C:\Users\monte\OneDrive\Desktop\Proyecto Laboratorios Univalle\Pages\Maintenances\Details.cshtml(30,39): warning CS8602: Desreferencia de una referencia posiblemente NULL. [C:\Users\monte\OneDrive\Desktop\Proyecto Laboratorios Univalle\Proyecto Laboratorios Univalle.csproj]
C:\Users\monte\OneDrive\Desktop\Proyecto Laboratorios Univalle\Pages\Users\Details.cshtml(84,39): warning CS8602: Desreferencia de una referencia posiblemente NULL. [C:\Users\monte\OneDrive\Desktop\Proyecto Laboratorios Univalle\Proyecto Laboratorios Univalle.csproj]
C:\Users\monte\OneDrive\Desktop\Proyecto Laboratorios Univalle\Pages\Users\Details.cshtml(90,39): warning CS8602: Desreferencia de una referencia posiblemente NULL. [C:\Users\monte\OneDrive\Desktop\Proyecto Laboratorios Univalle\Proyecto Laboratorios Univalle.csproj]
C:\Users\monte\OneDrive\Desktop\Proyecto Laboratorios Univalle\Pages\Users\Delete.cshtml(85,39): warning CS8602: Desreferencia de una referencia posiblemente NULL. [C:\Users\monte\OneDrive\Desktop\Proyecto Laboratorios Univalle\Proyecto Laboratorios Univalle.csproj]
C:\Users\monte\OneDrive\Desktop\Proyecto Laboratorios Univalle\Pages\Users\Delete.cshtml(91,39): warning CS8602: Desreferencia de una referencia posiblemente NULL. [C:\Users\monte\OneDrive\Desktop\Proyecto Laboratorios Univalle\Proyecto Laboratorios Univalle.csproj]
C:\Users\monte\OneDrive\Desktop\Proyecto Laboratorios Univalle\Pages\Equipment\Edit.cshtml.cs(22,22): warning CS0649: El campo 'EditModel.currentUser' nunca se asigna y siempre tendrá el valor predeterminado [C:\Users\monte\OneDrive\Desktop\Proyecto Laboratorios Univalle\Proyecto Laboratorios Univalle.csproj]

ERROR al compilar.

C:\Users\monte\OneDrive\Desktop\Proyecto Laboratorios Univalle\Models\City.cs(7,7): warning CS0105: La directiva using para 'Proyecto_Laboratorios_Univalle.Models.Interfaces' aparece previamente en este espacio de nombres [C:\Users\monte\OneDrive\Desktop\Proyecto Laboratorios Univalle\Proyecto Laboratorios Univalle.csproj]
C:\Users\monte\OneDrive\Desktop\Proyecto Laboratorios Univalle\Models\MaintenancePlan.cs(5,7): warning CS0105: La directiva using para 'System.ComponentModel.DataAnnotations.Schema' aparece previamente en este espacio de nombres [C:\Users\monte\OneDrive\Desktop\Proyecto Laboratorios Univalle\Proyecto Laboratorios Univalle.csproj]
C:\Users\monte\OneDrive\Desktop\Proyecto Laboratorios Univalle\Models\MaintenancePlan.cs(7,7): warning CS0105: La directiva using para 'Proyecto_Laboratorios_Univalle.Models.Interfaces' aparece previamente en este espacio de nombres [C:\Users\monte\OneDrive\Desktop\Proyecto Laboratorios Univalle\Proyecto Laboratorios Univalle.csproj]
C:\Users\monte\OneDrive\Desktop\Proyecto Laboratorios Univalle\Pages\Logout.cshtml.cs(25,68): warning CS8625: No se puede convertir un literal NULL en un tipo de referencia que no acepta valores NULL. [C:\Users\monte\OneDrive\Desktop\Proyecto Laboratorios Univalle\Proyecto Laboratorios Univalle.csproj]
C:\Users\monte\OneDrive\Desktop\Proyecto Laboratorios Univalle\Pages\Users\Create.cshtml.cs(30,21): warning CS0108: 'CreateModel.User' oculta el miembro heredado 'PageModel.User'. Use la palabra clave new si su intención era ocultarlo. [C:\Users\monte\OneDrive\Desktop\Proyecto Laboratorios Univalle\Proyecto Laboratorios Univalle.csproj]
C:\Users\monte\OneDrive\Desktop\Proyecto Laboratorios Univalle\Pages\Users\Delete.cshtml.cs(23,21): warning CS0108: 'DeleteModel.User' oculta el miembro heredado 'PageModel.User'. Use la palabra clave new si su intención era ocultarlo. [C:\Users\monte\OneDrive\Desktop\Proyecto Laboratorios Univalle\Proyecto Laboratorios Univalle.csproj]
C:\Users\monte\OneDrive\Desktop\Proyecto Laboratorios Univalle\Pages\Users\Details.cshtml.cs(22,21): warning CS0108: 'DetailsModel.User' oculta el miembro heredado 'PageModel.User'. Use la palabra clave new si su intención era ocultarlo. [C:\Users\monte\OneDrive\Desktop\Proyecto Laboratorios Univalle\Proyecto Laboratorios Univalle.csproj]
C:\Users\monte\OneDrive\Desktop\Proyecto Laboratorios Univalle\Pages\Users\Index.cshtml.cs(22,28): warning CS0108: 'IndexModel.User' oculta el miembro heredado 'PageModel.User'. Use la palabra clave new si su intención era ocultarlo. [C:\Users\monte\OneDrive\Desktop\Proyecto Laboratorios Univalle\Proyecto Laboratorios Univalle.csproj]
C:\Users\monte\OneDrive\Desktop\Proyecto Laboratorios Univalle\Pages\Users\Edit.cshtml.cs(24,21): warning CS0108: 'EditModel.User' oculta el miembro heredado 'PageModel.User'. Use la palabra clave new si su intención era ocultarlo. [C:\Users\monte\OneDrive\Desktop\Proyecto Laboratorios Univalle\Proyecto Laboratorios Univalle.csproj]
C:\Users\monte\OneDrive\Desktop\Proyecto Laboratorios Univalle\Services\UserClaimsPrincipalFactory.cs(28,28): warning CS8600: Se va a convertir un literal nulo o un posible valor nulo en un tipo que no acepta valores NULL [C:\Users\monte\OneDrive\Desktop\Proyecto Laboratorios Univalle\Proyecto Laboratorios Univalle.csproj]
C:\Users\monte\OneDrive\Desktop\Proyecto Laboratorios Univalle\Models\Laboratory.cs(113,34): warning CS8629: Un tipo que acepta valores NULL puede ser nulo. [C:\Users\monte\OneDrive\Desktop\Proyecto Laboratorios Univalle\Proyecto Laboratorios Univalle.csproj]
C:\Users\monte\OneDrive\Desktop\Proyecto Laboratorios Univalle\Pages\Verifications\Index.cshtml(38,47): warning CS8602: Desreferencia de una referencia posiblemente NULL. [C:\Users\monte\OneDrive\Desktop\Proyecto Laboratorios Univalle\Proyecto Laboratorios Univalle.csproj]
C:\Users\monte\OneDrive\Desktop\Proyecto Laboratorios Univalle\Pages\Verifications\Index.cshtml(47,47): warning CS8602: Desreferencia de una referencia posiblemente NULL. [C:\Users\monte\OneDrive\Desktop\Proyecto Laboratorios Univalle\Proyecto Laboratorios Univalle.csproj]
C:\Users\monte\OneDrive\Desktop\Proyecto Laboratorios Univalle\Pages\Equipment\Index.cshtml(113,47): warning CS8602: Desreferencia de una referencia posiblemente NULL. [C:\Users\monte\OneDrive\Desktop\Proyecto Laboratorios Univalle\Proyecto Laboratorios Univalle.csproj]
C:\Users\monte\OneDrive\Desktop\Proyecto Laboratorios Univalle\Pages\Equipment\Index.cshtml(116,47): warning CS8602: Desreferencia de una referencia posiblemente NULL. [C:\Users\monte\OneDrive\Desktop\Proyecto Laboratorios Univalle\Proyecto Laboratorios Univalle.csproj]
C:\Users\monte\OneDrive\Desktop\Proyecto Laboratorios Univalle\Pages\Equipment\Index.cshtml(119,47): warning CS8602: Desreferencia de una referencia posiblemente NULL. [C:\Users\monte\OneDrive\Desktop\Proyecto Laboratorios Univalle\Proyecto Laboratorios Univalle.csproj]
C:\Users\monte\OneDrive\Desktop\Proyecto Laboratorios Univalle\Pages\Equipment\Index.cshtml(122,47): warning CS8602: Desreferencia de una referencia posiblemente NULL. [C:\Users\monte\OneDrive\Desktop\Proyecto Laboratorios Univalle\Proyecto Laboratorios Univalle.csproj]
C:\Users\monte\OneDrive\Desktop\Proyecto Laboratorios Univalle\Pages\Equipment\Index.cshtml(125,47): warning CS8602: Desreferencia de una referencia posiblemente NULL. [C:\Users\monte\OneDrive\Desktop\Proyecto Laboratorios Univalle\Proyecto Laboratorios Univalle.csproj]
C:\Users\monte\OneDrive\Desktop\Proyecto Laboratorios Univalle\Pages\Equipment\Index.cshtml(128,47): warning CS8602: Desreferencia de una referencia posiblemente NULL. [C:\Users\monte\OneDrive\Desktop\Proyecto Laboratorios Univalle\Proyecto Laboratorios Univalle.csproj]
C:\Users\monte\OneDrive\Desktop\Proyecto Laboratorios Univalle\Pages\Maintenances\Index.cshtml(41,47): warning CS8602: Desreferencia de una referencia posiblemente NULL. [C:\Users\monte\OneDrive\Desktop\Proyecto Laboratorios Univalle\Proyecto Laboratorios Univalle.csproj]
C:\Users\monte\OneDrive\Desktop\Proyecto Laboratorios Univalle\Pages\Maintenances\Index.cshtml(44,47): warning CS8602: Desreferencia de una referencia posiblemente NULL. [C:\Users\monte\OneDrive\Desktop\Proyecto Laboratorios Univalle\Proyecto Laboratorios Univalle.csproj]
C:\Users\monte\OneDrive\Desktop\Proyecto Laboratorios Univalle\Pages\Maintenances\Index.cshtml(47,47): warning CS8602: Desreferencia de una referencia posiblemente NULL. [C:\Users\monte\OneDrive\Desktop\Proyecto Laboratorios Univalle\Proyecto Laboratorios Univalle.csproj]
C:\Users\monte\OneDrive\Desktop\Proyecto Laboratorios Univalle\Pages\Cities\Index.cshtml(38,47): warning CS8602: Desreferencia de una referencia posiblemente NULL. [C:\Users\monte\OneDrive\Desktop\Proyecto Laboratorios Univalle\Proyecto Laboratorios Univalle.csproj]
C:\Users\monte\OneDrive\Desktop\Proyecto Laboratorios Univalle\Pages\Requests\Index.cshtml(41,47): warning CS8602: Desreferencia de una referencia posiblemente NULL. [C:\Users\monte\OneDrive\Desktop\Proyecto Laboratorios Univalle\Proyecto Laboratorios Univalle.csproj]
C:\Users\monte\OneDrive\Desktop\Proyecto Laboratorios Univalle\Pages\Requests\Index.cshtml(53,47): warning CS8602: Desreferencia de una referencia posiblemente NULL. [C:\Users\monte\OneDrive\Desktop\Proyecto Laboratorios Univalle\Proyecto Laboratorios Univalle.csproj]
C:\Users\monte\OneDrive\Desktop\Proyecto Laboratorios Univalle\Pages\Laboratories\Index.cshtml(86,47): warning CS8602: Desreferencia de una referencia posiblemente NULL. [C:\Users\monte\OneDrive\Desktop\Proyecto Laboratorios Univalle\Proyecto Laboratorios Univalle.csproj]
C:\Users\monte\OneDrive\Desktop\Proyecto Laboratorios Univalle\Pages\Laboratories\Index.cshtml(89,47): warning CS8602: Desreferencia de una referencia posiblemente NULL. [C:\Users\monte\OneDrive\Desktop\Proyecto Laboratorios Univalle\Proyecto Laboratorios Univalle.csproj]
C:\Users\monte\OneDrive\Desktop\Proyecto Laboratorios Univalle\Pages\Laboratories\Index.cshtml(92,47): warning CS8602: Desreferencia de una referencia posiblemente NULL. [C:\Users\monte\OneDrive\Desktop\Proyecto Laboratorios Univalle\Proyecto Laboratorios Univalle.csproj]
C:\Users\monte\OneDrive\Desktop\Proyecto Laboratorios Univalle\Pages\Equipment\Delete.cshtml(33,64): warning CS8602: Desreferencia de una referencia posiblemente NULL. [C:\Users\monte\OneDrive\Desktop\Proyecto Laboratorios Univalle\Proyecto Laboratorios Univalle.csproj]
C:\Users\monte\OneDrive\Desktop\Proyecto Laboratorios Univalle\Pages\Equipment\Delete.cshtml(36,64): warning CS8602: Desreferencia de una referencia posiblemente NULL. [C:\Users\monte\OneDrive\Desktop\Proyecto Laboratorios Univalle\Proyecto Laboratorios Univalle.csproj]
C:\Users\monte\OneDrive\Desktop\Proyecto Laboratorios Univalle\Pages\Equipment\Delete.cshtml(63,47): warning CS8602: Desreferencia de una referencia posiblemente NULL. [C:\Users\monte\OneDrive\Desktop\Proyecto Laboratorios Univalle\Proyecto Laboratorios Univalle.csproj]
C:\Users\monte\OneDrive\Desktop\Proyecto Laboratorios Univalle\Pages\Equipment\Delete.cshtml(64,47): warning CS8602: Desreferencia de una referencia posiblemente NULL. [C:\Users\monte\OneDrive\Desktop\Proyecto Laboratorios Univalle\Proyecto Laboratorios Univalle.csproj]
C:\Users\monte\OneDrive\Desktop\Proyecto Laboratorios Univalle\Pages\Maintenances\Edit.cshtml.cs(101,22): warning CS8604: Posible argumento de referencia nulo para el parámetro "source" en "bool Enumerable.Any<CostDetail>(IEnumerable<CostDetail> source, Func<CostDetail, bool> predicate)". [C:\Users\monte\OneDrive\Desktop\Proyecto Laboratorios Univalle\Proyecto Laboratorios Univalle.csproj]
C:\Users\monte\OneDrive\Desktop\Proyecto Laboratorios Univalle\Pages\Maintenances\Edit.cshtml.cs(108,40): warning CS8602: Desreferencia de una referencia posiblemente NULL. [C:\Users\monte\OneDrive\Desktop\Proyecto Laboratorios Univalle\Proyecto Laboratorios Univalle.csproj]
C:\Users\monte\OneDrive\Desktop\Proyecto Laboratorios Univalle\Pages\Equipment\Details.cshtml(30,68): warning CS8602: Desreferencia de una referencia posiblemente NULL. [C:\Users\monte\OneDrive\Desktop\Proyecto Laboratorios Univalle\Proyecto Laboratorios Univalle.csproj]
C:\Users\monte\OneDrive\Desktop\Proyecto Laboratorios Univalle\Pages\Equipment\Details.cshtml(34,51): warning CS8602: Desreferencia de una referencia posiblemente NULL. [C:\Users\monte\OneDrive\Desktop\Proyecto Laboratorios Univalle\Proyecto Laboratorios Univalle.csproj]
C:\Users\monte\OneDrive\Desktop\Proyecto Laboratorios Univalle\Pages\Equipment\Details.cshtml(133,68): warning CS8602: Desreferencia de una referencia posiblemente NULL. [C:\Users\monte\OneDrive\Desktop\Proyecto Laboratorios Univalle\Proyecto Laboratorios Univalle.csproj]
C:\Users\monte\OneDrive\Desktop\Proyecto Laboratorios Univalle\Pages\Equipment\Details.cshtml(136,68): warning CS8602: Desreferencia de una referencia posiblemente NULL. [C:\Users\monte\OneDrive\Desktop\Proyecto Laboratorios Univalle\Proyecto Laboratorios Univalle.csproj]
C:\Users\monte\OneDrive\Desktop\Proyecto Laboratorios Univalle\Pages\Verifications\Details.cshtml(18,39): warning CS8602: Desreferencia de una referencia posiblemente NULL. [C:\Users\monte\OneDrive\Desktop\Proyecto Laboratorios Univalle\Proyecto Laboratorios Univalle.csproj]
C:\Users\monte\OneDrive\Desktop\Proyecto Laboratorios Univalle\Pages\Verifications\Details.cshtml(42,39): warning CS8602: Desreferencia de una referencia posiblemente NULL. [C:\Users\monte\OneDrive\Desktop\Proyecto Laboratorios Univalle\Proyecto Laboratorios Univalle.csproj]
C:\Users\monte\OneDrive\Desktop\Proyecto Laboratorios Univalle\Pages\Verifications\Delete.cshtml(19,39): warning CS8602: Desreferencia de una referencia posiblemente NULL. [C:\Users\monte\OneDrive\Desktop\Proyecto Laboratorios Univalle\Proyecto Laboratorios Univalle.csproj]
C:\Users\monte\OneDrive\Desktop\Proyecto Laboratorios Univalle\Pages\Cities\Delete.cshtml(19,39): warning CS8602: Desreferencia de una referencia posiblemente NULL. [C:\Users\monte\OneDrive\Desktop\Proyecto Laboratorios Univalle\Proyecto Laboratorios Univalle.csproj]
C:\Users\monte\OneDrive\Desktop\Proyecto Laboratorios Univalle\Pages\Requests\Delete.cshtml(19,39): warning CS8602: Desreferencia de una referencia posiblemente NULL. [C:\Users\monte\OneDrive\Desktop\Proyecto Laboratorios Univalle\Proyecto Laboratorios Univalle.csproj]
C:\Users\monte\OneDrive\Desktop\Proyecto Laboratorios Univalle\Pages\Requests\Details.cshtml(18,39): warning CS8602: Desreferencia de una referencia posiblemente NULL. [C:\Users\monte\OneDrive\Desktop\Proyecto Laboratorios Univalle\Proyecto Laboratorios Univalle.csproj]
C:\Users\monte\OneDrive\Desktop\Proyecto Laboratorios Univalle\Pages\Requests\Details.cshtml(24,39): warning CS8602: Desreferencia de una referencia posiblemente NULL. [C:\Users\monte\OneDrive\Desktop\Proyecto Laboratorios Univalle\Proyecto Laboratorios Univalle.csproj]
C:\Users\monte\OneDrive\Desktop\Proyecto Laboratorios Univalle\Pages\Requests\Details.cshtml(54,39): warning CS8602: Desreferencia de una referencia posiblemente NULL. [C:\Users\monte\OneDrive\Desktop\Proyecto Laboratorios Univalle\Proyecto Laboratorios Univalle.csproj]
C:\Users\monte\OneDrive\Desktop\Proyecto Laboratorios Univalle\Pages\Users\Index.cshtml(137,47): warning CS8602: Desreferencia de una referencia posiblemente NULL. [C:\Users\monte\OneDrive\Desktop\Proyecto Laboratorios Univalle\Proyecto Laboratorios Univalle.csproj]
C:\Users\monte\OneDrive\Desktop\Proyecto Laboratorios Univalle\Pages\Users\Index.cshtml(140,47): warning CS8602: Desreferencia de una referencia posiblemente NULL. [C:\Users\monte\OneDrive\Desktop\Proyecto Laboratorios Univalle\Proyecto Laboratorios Univalle.csproj]
C:\Users\monte\OneDrive\Desktop\Proyecto Laboratorios Univalle\Pages\Laboratories\Delete.cshtml(73,39): warning CS8602: Desreferencia de una referencia posiblemente NULL. [C:\Users\monte\OneDrive\Desktop\Proyecto Laboratorios Univalle\Proyecto Laboratorios Univalle.csproj]
C:\Users\monte\OneDrive\Desktop\Proyecto Laboratorios Univalle\Pages\Laboratories\Delete.cshtml(79,39): warning CS8602: Desreferencia de una referencia posiblemente NULL. [C:\Users\monte\OneDrive\Desktop\Proyecto Laboratorios Univalle\Proyecto Laboratorios Univalle.csproj]
C:\Users\monte\OneDrive\Desktop\Proyecto Laboratorios Univalle\Pages\Laboratories\Delete.cshtml(85,39): warning CS8602: Desreferencia de una referencia posiblemente NULL. [C:\Users\monte\OneDrive\Desktop\Proyecto Laboratorios Univalle\Proyecto Laboratorios Univalle.csproj]
C:\Users\monte\OneDrive\Desktop\Proyecto Laboratorios Univalle\Pages\Maintenances\Delete.cshtml(19,39): warning CS8602: Desreferencia de una referencia posiblemente NULL. [C:\Users\monte\OneDrive\Desktop\Proyecto Laboratorios Univalle\Proyecto Laboratorios Univalle.csproj]
C:\Users\monte\OneDrive\Desktop\Proyecto Laboratorios Univalle\Pages\Maintenances\Delete.cshtml(25,39): warning CS8602: Desreferencia de una referencia posiblemente NULL. [C:\Users\monte\OneDrive\Desktop\Proyecto Laboratorios Univalle\Proyecto Laboratorios Univalle.csproj]
C:\Users\monte\OneDrive\Desktop\Proyecto Laboratorios Univalle\Pages\Cities\Details.cshtml(18,39): warning CS8602: Desreferencia de una referencia posiblemente NULL. [C:\Users\monte\OneDrive\Desktop\Proyecto Laboratorios Univalle\Proyecto Laboratorios Univalle.csproj]
C:\Users\monte\OneDrive\Desktop\Proyecto Laboratorios Univalle\Pages\Laboratories\Details.cshtml(72,39): warning CS8602: Desreferencia de una referencia posiblemente NULL. [C:\Users\monte\OneDrive\Desktop\Proyecto Laboratorios Univalle\Proyecto Laboratorios Univalle.csproj]
C:\Users\monte\OneDrive\Desktop\Proyecto Laboratorios Univalle\Pages\Laboratories\Details.cshtml(78,39): warning CS8602: Desreferencia de una referencia posiblemente NULL. [C:\Users\monte\OneDrive\Desktop\Proyecto Laboratorios Univalle\Proyecto Laboratorios Univalle.csproj]
C:\Users\monte\OneDrive\Desktop\Proyecto Laboratorios Univalle\Pages\Laboratories\Details.cshtml(84,39): warning CS8602: Desreferencia de una referencia posiblemente NULL. [C:\Users\monte\OneDrive\Desktop\Proyecto Laboratorios Univalle\Proyecto Laboratorios Univalle.csproj]
C:\Users\monte\OneDrive\Desktop\Proyecto Laboratorios Univalle\Pages\Maintenances\Details.cshtml(18,39): warning CS8602: Desreferencia de una referencia posiblemente NULL. [C:\Users\monte\OneDrive\Desktop\Proyecto Laboratorios Univalle\Proyecto Laboratorios Univalle.csproj]
C:\Users\monte\OneDrive\Desktop\Proyecto Laboratorios Univalle\Pages\Maintenances\Details.cshtml(24,39): warning CS8602: Desreferencia de una referencia posiblemente NULL. [C:\Users\monte\OneDrive\Desktop\Proyecto Laboratorios Univalle\Proyecto Laboratorios Univalle.csproj]
C:\Users\monte\OneDrive\Desktop\Proyecto Laboratorios Univalle\Pages\Maintenances\Details.cshtml(30,39): warning CS8602: Desreferencia de una referencia posiblemente NULL. [C:\Users\monte\OneDrive\Desktop\Proyecto Laboratorios Univalle\Proyecto Laboratorios Univalle.csproj]
C:\Users\monte\OneDrive\Desktop\Proyecto Laboratorios Univalle\Pages\Users\Details.cshtml(84,39): warning CS8602: Desreferencia de una referencia posiblemente NULL. [C:\Users\monte\OneDrive\Desktop\Proyecto Laboratorios Univalle\Proyecto Laboratorios Univalle.csproj]
C:\Users\monte\OneDrive\Desktop\Proyecto Laboratorios Univalle\Pages\Users\Details.cshtml(90,39): warning CS8602: Desreferencia de una referencia posiblemente NULL. [C:\Users\monte\OneDrive\Desktop\Proyecto Laboratorios Univalle\Proyecto Laboratorios Univalle.csproj]
C:\Users\monte\OneDrive\Desktop\Proyecto Laboratorios Univalle\Pages\Users\Delete.cshtml(85,39): warning CS8602: Desreferencia de una referencia posiblemente NULL. [C:\Users\monte\OneDrive\Desktop\Proyecto Laboratorios Univalle\Proyecto Laboratorios Univalle.csproj]
C:\Users\monte\OneDrive\Desktop\Proyecto Laboratorios Univalle\Pages\Users\Delete.cshtml(91,39): warning CS8602: Desreferencia de una referencia posiblemente NULL. [C:\Users\monte\OneDrive\Desktop\Proyecto Laboratorios Univalle\Proyecto Laboratorios Univalle.csproj]
C:\Users\monte\OneDrive\Desktop\Proyecto Laboratorios Univalle\Pages\Equipment\Edit.cshtml.cs(22,22): warning CS0649: El campo 'EditModel.currentUser' nunca se asigna y siempre tendrá el valor predeterminado [C:\Users\monte\OneDrive\Desktop\Proyecto Laboratorios Univalle\Proyecto Laboratorios Univalle.csproj]
C:\Users\monte\OneDrive\Desktop\Proyecto Laboratorios Univalle\Pages\Equipment\Create.cshtml.cs(74,17): error CS1912: Inicialización del miembro 'StartDate' duplicada [C:\Users\monte\OneDrive\Desktop\Proyecto Laboratorios Univalle\Proyecto Laboratorios Univalle.csproj]
C:\Users\monte\OneDrive\Desktop\Proyecto Laboratorios Univalle\Pages\Equipment\Details.cshtml.cs(41,41): error CS1061: "ICollection<EquipmentStateHistory>" no contiene una definición para "RegisteredBy" ni un método de extensión accesible "RegisteredBy" que acepte un primer argumento del tipo "ICollection<EquipmentStateHistory>" (¿falta alguna directiva using o una referencia de ensamblado?) [C:\Users\monte\OneDrive\Desktop\Proyecto Laboratorios Univalle\Proyecto Laboratorios Univalle.csproj]
C:\Users\monte\OneDrive\Desktop\Proyecto Laboratorios Univalle\Pages\Equipment\Details.cshtml(211,58): error CS1061: "EquipmentStateHistory" no contiene una definición para "RegisteredBy" ni un método de extensión accesible "RegisteredBy" que acepte un primer argumento del tipo "EquipmentStateHistory" (¿falta alguna directiva using o una referencia de ensamblado?) [C:\Users\monte\OneDrive\Desktop\Proyecto Laboratorios Univalle\Proyecto Laboratorios Univalle.csproj]
C:\Users\monte\OneDrive\Desktop\Proyecto Laboratorios Univalle\Pages\Equipment\Details.cshtml(213,58): error CS1061: "EquipmentStateHistory" no contiene una definición para "RegisteredBy" ni un método de extensión accesible "RegisteredBy" que acepte un primer argumento del tipo "EquipmentStateHistory" (¿falta alguna directiva using o una referencia de ensamblado?) [C:\Users\monte\OneDrive\Desktop\Proyecto Laboratorios Univalle\Proyecto Laboratorios Univalle.csproj]
    65 Advertencia(s)
    4 Errores

Tiempo transcurrido 00:00:04.85

Hay actualizaciones de carga de trabajo disponibles. Ejecute "dotnet workload list" para obtener más información.
